Original gene has 3 bytes
Compressed gene has 1 bytes
Compressed gene has 3 nucleotides
Compressed gene is
00000000
Decompressed gene is
AAA