Original gene has 5 bytes
Compressed gene has 2 bytes
Compressed gene has 5 nucleotides
Compressed gene is
0000000000000000
Decompressed gene is
AAAAA