Original gene has 4 bytes
Compressed gene has 1 bytes
Compressed gene has 4 nucleotides
Compressed gene is
00000000
Decompressed gene is
AAAA