Original gene has 0 bytes
Compressed gene has 0 bytes
Compressed gene has 0 nucleotides
Compressed gene is

Decompressed gene is

