Original gene has 1 bytes
Compressed gene has 1 bytes
Compressed gene has 1 nucleotides
Compressed gene is
11000000
Decompressed gene is
T