Original gene has 6 bytes
Compressed gene has 2 bytes
Compressed gene has 6 nucleotides
Compressed gene is
1100011001100000
Decompressed gene is
TACGCG