Original gene has 4 bytes
Compressed gene has 1 bytes
Compressed gene has 4 nucleotides
Compressed gene is
11111111
Decompressed gene is
TTTT