Original gene has 8600 bytes
Compressed gene has 2150 bytes
Compressed gene has 8600 nucleotides
Compressed gene is
1100101010001111000001011011110011001100110011001100100101001110100011011000111100110011001010100011110000010110111100110011001100110011001001010011101000110110001111001100110010101000111100000101101111001100110011001100110010010100111010001101100011110011001100101010001111000001011011110011001100110011001100100101001110100011011000111100110011001010100011110000010110111100110011001100110011001001010011101000110110001111001100110010101000111100000101101111001100110011001100110010010100111010001101100011110011001100101010001111000001011011110011001100110011001100100101001110100011011000111100110011001010100011110000010110111100110011001100110011001001010011101000110110001111001100110010101000111100000101101111001100110011001100110010010100111010001101100011110011001100101010001111000001011011110011001100110011001100100101001110100011011000111100110011001010100011110000010110111100110011001100110011001001010011101000110110001111001100110010101000111100000101101111001100110011001100110010010100111010001101100011110011001100101010001111000001011011110011001100110011001100100101001110100011011000111100110011001010100011110000010110111100110011001100110011001001010011101000110110001111001100110010101000111100000101101111001100110011001100110010010100111010001101100011110011001100101010001111000001011011110011001100110011001100100101001110100011011000111100110011001010100011110000010110111100110011001100110011001001010011101000110110001111001100110010101000111100000101101111001100110011001100110010010100111010001101100011110011001100101010001111000001011011110011001100110011001100100101001110100011011000111100110011001010100011110000010110111100110011001100110011001001010011101000110110001111001100110010101000111100000101101111001100110011001100110010010100111010001101100011110011001100101010001111000001011011110011001100110011001100100101001110100011011000111100110011001010100011110000010110111100110011001100110011001001010011101000110110001111001100110010101000111100000101101111001100110011001100110010010100111010001101100011110011001100101010001111000001011011110011001100110011001100100101001110100011011000111100110011001010100011110000010110111100110011001100110011001001010011101000110110001111001100110010101000111100000101101111001100110011001100110010010100111010001101100011110011001100101010001111000001011011110011001100110011001100100101001110100011011000111100110011001010100011110000010110111100110011001100110011001001010011101000110110001111001100110010101000111100000101101111001100110011001100110010010100111010001101100011110011001100101010001111000001011011110011001100110011001100100101001110100011011000111100110011001010100011110000010110111100110011001100110011001001010011101000110110001111001100110010101000111100000101101111001100110011001100110010010100111010001101100011110011001100101010001111000001011011110011001100110011001100100101001110100011011000111100110011001010100011110000010110111100110011001100110011001001010011101000110110001111001100110010101000111100000101101111001100110011001100110010010100111010001101100011110011001100101010001111000001011011110011001100110011001100100101001110100011011000111100110011001010100011110000010110111100110011001100110011001001010011101000110110001111001100110010101000111100000101101111001100110011001100110010010100111010001101100011110011001100101010001111000001011011110011001100110011001100100101001110100011011000111100110011001010100011110000010110111100110011001100110011001001010011101000110110001111001100110010101000111100000101101111001100110011001100110010010100111010001101100011110011001100101010001111000001011011110011001100110011001100100101001110100011011000111100110011001010100011110000010110111100110011001100110011001001010011101000110110001111001100110010101000111100000101101111001100110011001100110010010100111010001101100011110011001100101010001111000001011011110011001100110011001100100101001110100011011000111100110011001010100011110000010110111100110011001100110011001001010011101000110110001111001100110010101000111100000101101111001100110011001100110010010100111010001101100011110011001100101010001111000001011011110011001100110011001100100101001110100011011000111100110011001010100011110000010110111100110011001100110011001001010011101000110110001111001100110010101000111100000101101111001100110011001100110010010100111010001101100011110011001100101010001111000001011011110011001100110011001100100101001110100011011000111100110011001010100011110000010110111100110011001100110011001001010011101000110110001111001100110010101000111100000101101111001100110011001100110010010100111010001101100011110011001100101010001111000001011011110011001100110011001100100101001110100011011000111100110011001010100011110000010110111100110011001100110011001001010011101000110110001111001100110010101000111100000101101111001100110011001100110010010100111010001101100011110011001100101010001111000001011011110011001100110011001100100101001110100011011000111100110011001010100011110000010110111100110011001100110011001001010011101000110110001111001100110010101000111100000101101111001100110011001100110010010100111010001101100011110011001100101010001111000001011011110011001100110011001100100101001110100011011000111100110011001010100011110000010110111100110011001100110011001001010011101000110110001111001100110010101000111100000101101111001100110011001100110010010100111010001101100011110011001100101010001111000001011011110011001100110011001100100101001110100011011000111100110011001010100011110000010110111100110011001100110011001001010011101000110110001111001100110010101000111100000101101111001100110011001100110010010100111010001101100011110011001100101010001111000001011011110011001100110011001100100101001110100011011000111100110011001010100011110000010110111100110011001100110011001001010011101000110110001111001100110010101000111100000101101111001100110011001100110010010100111010001101100011110011001100101010001111000001011011110011001100110011001100100101001110100011011000111100110011001010100011110000010110111100110011001100110011001001010011101000110110001111001100110010101000111100000101101111001100110011001100110010010100111010001101100011110011001100101010001111000001011011110011001100110011001100100101001110100011011000111100110011001010100011110000010110111100110011001100110011001001010011101000110110001111001100110010101000111100000101101111001100110011001100110010010100111010001101100011110011001100101010001111000001011011110011001100110011001100100101001110100011011000111100110011001010100011110000010110111100110011001100110011001001010011101000110110001111001100110010101000111100000101101111001100110011001100110010010100111010001101100011110011001100101010001111000001011011110011001100110011001100100101001110100011011000111100110011001010100011110000010110111100110011001100110011001001010011101000110110001111001100110010101000111100000101101111001100110011001100110010010100111010001101100011110011001100101010001111000001011011110011001100110011001100100101001110100011011000111100110011001010100011110000010110111100110011001100110011001001010011101000110110001111001100110010101000111100000101101111001100110011001100110010010100111010001101100011110011001100101010001111000001011011110011001100110011001100100101001110100011011000111100110011001010100011110000010110111100110011001100110011001001010011101000110110001111001100110010101000111100000101101111001100110011001100110010010100111010001101100011110011001100101010001111000001011011110011001100110011001100100101001110100011011000111100110011001010100011110000010110111100110011001100110011001001010011101000110110001111001100110010101000111100000101101111001100110011001100110010010100111010001101100011110011001100101010001111000001011011110011001100110011001100100101001110100011011000111100110011001010100011110000010110111100110011001100110011001001010011101000110110001111001100110010101000111100000101101111001100110011001100110010010100111010001101100011110011001100101010001111000001011011110011001100110011001100100101001110100011011000111100110011001010100011110000010110111100110011001100110011001001010011101000110110001111001100110010101000111100000101101111001100110011001100110010010100111010001101100011110011001100101010001111000001011011110011001100110011001100100101001110100011011000111100110011001010100011110000010110111100110011001100110011001001010011101000110110001111001100110010101000111100000101101111001100110011001100110010010100111010001101100011110011001100101010001111000001011011110011001100110011001100100101001110100011011000111100110011001010100011110000010110111100110011001100110011001001010011101000110110001111001100110010101000111100000101101111001100110011001100110010010100111010001101100011110011001100101010001111000001011011110011001100110011001100100101001110100011011000111100110011001010100011110000010110111100110011001100110011001001010011101000110110001111001100110010101000111100000101101111001100110011001100110010010100111010001101100011110011001100101010001111000001011011110011001100110011001100100101001110100011011000111100110011001010100011110000010110111100110011001100110011001001010011101000110110001111001100110010101000111100000101101111001100110011001100110010010100111010001101100011110011001100101010001111000001011011110011001100110011001100100101001110100011011000111100110011001010100011110000010110111100110011001100110011001001010011101000110110001111001100110010101000111100000101101111001100110011001100110010010100111010001101100011110011001100101010001111000001011011110011001100110011001100100101001110100011011000111100110011001010100011110000010110111100110011001100110011001001010011101000110110001111001100110010101000111100000101101111001100110011001100110010010100111010001101100011110011001100101010001111000001011011110011001100110011001100100101001110100011011000111100110011001010100011110000010110111100110011001100110011001001010011101000110110001111001100110010101000111100000101101111001100110011001100110010010100111010001101100011110011001100101010001111000001011011110011001100110011001100100101001110100011011000111100110011001010100011110000010110111100110011001100110011001001010011101000110110001111001100110010101000111100000101101111001100110011001100110010010100111010001101100011110011001100101010001111000001011011110011001100110011001100100101001110100011011000111100110011001010100011110000010110111100110011001100110011001001010011101000110110001111001100110010101000111100000101101111001100110011001100110010010100111010001101100011110011001100101010001111000001011011110011001100110011001100100101001110100011011000111100110011001010100011110000010110111100110011001100110011001001010011101000110110001111001100110010101000111100000101101111001100110011001100110010010100111010001101100011110011001100101010001111000001011011110011001100110011001100100101001110100011011000111100110011001010100011110000010110111100110011001100110011001001010011101000110110001111001100110010101000111100000101101111001100110011001100110010010100111010001101100011110011001100101010001111000001011011110011001100110011001100100101001110100011011000111100110011001010100011110000010110111100110011001100110011001001010011101000110110001111001100110010101000111100000101101111001100110011001100110010010100111010001101100011110011001100101010001111000001011011110011001100110011001100100101001110100011011000111100110011001010100011110000010110111100110011001100110011001001010011101000110110001111001100110010101000111100000101101111001100110011001100110010010100111010001101100011110011001100101010001111000001011011110011001100110011001100100101001110100011011000111100110011001010100011110000010110111100110011001100110011001001010011101000110110001111001100110010101000111100000101101111001100110011001100110010010100111010001101100011110011001100101010001111000001011011110011001100110011001100100101001110100011011000111100110011001010100011110000010110111100110011001100110011001001010011101000110110001111001100110010101000111100000101101111001100110011001100110010010100111010001101100011110011001100101010001111000001011011110011001100110011001100100101001110100011011000111100110011001010100011110000010110111100110011001100110011001001010011101000110110001111001100110010101000111100000101101111001100110011001100110010010100111010001101100011110011001100101010001111000001011011110011001100110011001100100101001110100011011000111100110011001010100011110000010110111100110011001100110011001001010011101000110110001111001100110010101000111100000101101111001100110011001100110010010100111010001101100011110011001100101010001111000001011011110011001100110011001100100101001110100011011000111100110011001010100011110000010110111100110011001100110011001001010011101000110110001111001100110010101000111100000101101111001100110011001100110010010100111010001101100011110011001100101010001111000001011011110011001100110011001100100101001110100011011000111100110011001010100011110000010110111100110011001100110011001001010011101000110110001111001100110010101000111100000101101111001100110011001100110010010100111010001101100011110011001100101010001111000001011011110011001100110011001100100101001110100011011000111100110011001010100011110000010110111100110011001100110011001001010011101000110110001111001100110010101000111100000101101111001100110011001100110010010100111010001101100011110011001100101010001111000001011011110011001100110011001100100101001110100011011000111100110011001010100011110000010110111100110011001100110011001001010011101000110110001111001100110010101000111100000101101111001100110011001100110010010100111010001101100011110011001100101010001111000001011011110011001100110011001100100101001110100011011000111100110011001010100011110000010110111100110011001100110011001001010011101000110110001111001100110010101000111100000101101111001100110011001100110010010100111010001101100011110011001100101010001111000001011011110011001100110011001100100101001110100011011000111100110011001010100011110000010110111100110011001100110011001001010011101000110110001111001100110010101000111100000101101111001100110011001100110010010100111010001101100011110011001100101010001111000001011011110011001100110011001100100101001110100011011000111100110011001010100011110000010110111100110011001100110011001001010011101000110110001111001100110010101000111100000101101111001100110011001100110010010100111010001101100011110011001100101010001111000001011011110011001100110011001100100101001110100011011000111100110011001010100011110000010110111100110011001100110011001001010011101000110110001111001100110010101000111100000101101111001100110011001100110010010100111010001101100011110011001100101010001111000001011011110011001100110011001100100101001110100011011000111100110011001010100011110000010110111100110011001100110011001001010011101000110110001111001100110010101000111100000101101111001100110011001100110010010100111010001101100011110011001100101010001111000001011011110011001100110011001100100101001110100011011000111100110011001010100011110000010110111100110011001100110011001001010011101000110110001111001100110010101000111100000101101111001100110011001100110010010100111010001101100011110011001100101010001111000001011011110011001100110011001100100101001110100011011000111100110011001010100011110000010110111100110011001100110011001001010011101000110110001111001100110010101000111100000101101111001100110011001100110010010100111010001101100011110011001100101010001111000001011011110011001100110011001100100101001110100011011000111100110011001010100011110000010110111100110011001100110011001001010011101000110110001111001100110010101000111100000101101111001100110011001100110010010100111010001101100011110011001100101010001111000001011011110011001100110011001100100101001110100011011000111100110011001010100011110000010110111100110011001100110011001001010011101000110110001111001100110010101000111100000101101111001100110011001100110010010100111010001101100011110011001100101010001111000001011011110011001100110011001100100101001110100011011000111100110011001010100011110000010110111100110011001100110011001001010011101000110110001111001100110010101000111100000101101111001100110011001100110010010100111010001101100011110011001100101010001111000001011011110011001100110011001100100101001110100011011000111100110011001010100011110000010110111100110011001100110011001001010011101000110110001111001100110010101000111100000101101111001100110011001100110010010100111010001101100011110011001100101010001111000001011011110011001100110011001100100101001110100011011000111100110011001010100011110000010110111100110011001100110011001001010011101000110110001111001100110010101000111100000101101111001100110011001100110010010100111010001101100011110011001100101010001111000001011011110011001100110011001100100101001110100011011000111100110011001010100011110000010110111100110011001100110011001001010011101000110110001111001100110010101000111100000101101111001100110011001100110010010100111010001101100011110011001100101010001111000001011011110011001100110011001100100101001110100011011000111100110011001010100011110000010110111100110011001100110011001001010011101000110110001111001100
Decompressed gene is
TAGGGATTAACCGTTATATATATATAGCCATGGATCGATTATATAGGGATTAACCGTTATATATATATAGCCATGGATCGATTATATAGGGATTAACCGTTATATATATATAGCCATGGATCGATTATATAGGGATTAACCGTTATATATATATAGCCATGGATCGATTATATAGGGATTAACCGTTATATATATATAGCCATGGATCGATTATATAGGGATTAACCGTTATATATATATAGCCATGGATCGATTATATAGGGATTAACCGTTATATATATATAGCCATGGATCGATTATATAGGGATTAACCGTTATATATATATAGCCATGGATCGATTATATAGGGATTAACCGTTATATATATATAGCCATGGATCGATTATATAGGGATTAACCGTTATATATATATAGCCATGGATCGATTATATAGGGATTAACCGTTATATATATATAGCCATGGATCGATTATATAGGGATTAACCGTTATATATATATAGCCATGGATCGATTATATAGGGATTAACCGTTATATATATATAGCCATGGATCGATTATATAGGGATTAACCGTTATATATATATAGCCATGGATCGATTATATAGGGATTAACCGTTATATATATATAGCCATGGATCGATTATATAGGGATTAACCGTTATATATATATAGCCATGGATCGATTATATAGGGATTAACCGTTATATATATATAGCCATGGATCGATTATATAGGGATTAACCGTTATATATATATAGCCATGGATCGATTATATAGGGATTAACCGTTATATATATATAGCCATGGATCGATTATATAGGGATTAACCGTTATATATATATAGCCATGGATCGATTATATAGGGATTAACCGTTATATATATATAGCCATGGATCGATTATATAGGGATTAACCGTTATATATATATAGCCATGGATCGATTATATAGGGATTAACCGTTATATATATATAGCCATGGATCGATTATATAGGGATTAACCGTTATATATATATAGCCATGGATCGATTATATAGGGATTAACCGTTATATATATATAGCCATGGATCGATTATATAGGGATTAACCGTTATATATATATAGCCATGGATCGATTATATAGGGATTAACCGTTATATATATATAGCCATGGATCGATTATATAGGGATTAACCGTTATATATATATAGCCATGGATCGATTATATAGGGATTAACCGTTATATATATATAGCCATGGATCGATTATATAGGGATTAACCGTTATATATATATAGCCATGGATCGATTATATAGGGATTAACCGTTATATATATATAGCCATGGATCGATTATATAGGGATTAACCGTTATATATATATAGCCATGGATCGATTATATAGGGATTAACCGTTATATATATATAGCCATGGATCGATTATATAGGGATTAACCGTTATATATATATAGCCATGGATCGATTATATAGGGATTAACCGTTATATATATATAGCCATGGATCGATTATATAGGGATTAACCGTTATATATATATAGCCATGGATCGATTATATAGGGATTAACCGTTATATATATATAGCCATGGATCGATTATATAGGGATTAACCGTTATATATATATAGCCATGGATCGATTATATAGGGATTAACCGTTATATATATATAGCCATGGATCGATTATATAGGGATTAACCGTTATATATATATAGCCATGGATCGATTATATAGGGATTAACCGTTATATATATATAGCCATGGATCGATTATATAGGGATTAACCGTTATATATATATAGCCATGGATCGATTATATAGGGATTAACCGTTATATATATATAGCCATGGATCGATTATATAGGGATTAACCGTTATATATATATAGCCATGGATCGATTATATAGGGATTAACCGTTATATATATATAGCCATGGATCGATTATATAGGGATTAACCGTTATATATATATAGCCATGGATCGATTATATAGGGATTAACCGTTATATATATATAGCCATGGATCGATTATATAGGGATTAACCGTTATATATATATAGCCATGGATCGATTATATAGGGATTAACCGTTATATATATATAGCCATGGATCGATTATATAGGGATTAACCGTTATATATATATAGCCATGGATCGATTATATAGGGATTAACCGTTATATATATATAGCCATGGATCGATTATATAGGGATTAACCGTTATATATATATAGCCATGGATCGATTATATAGGGATTAACCGTTATATATATATAGCCATGGATCGATTATATAGGGATTAACCGTTATATATATATAGCCATGGATCGATTATATAGGGATTAACCGTTATATATATATAGCCATGGATCGATTATATAGGGATTAACCGTTATATATATATAGCCATGGATCGATTATATAGGGATTAACCGTTATATATATATAGCCATGGATCGATTATATAGGGATTAACCGTTATATATATATAGCCATGGATCGATTATATAGGGATTAACCGTTATATATATATAGCCATGGATCGATTATATAGGGATTAACCGTTATATATATATAGCCATGGATCGATTATATAGGGATTAACCGTTATATATATATAGCCATGGATCGATTATATAGGGATTAACCGTTATATATATATAGCCATGGATCGATTATATAGGGATTAACCGTTATATATATATAGCCATGGATCGATTATATAGGGATTAACCGTTATATATATATAGCCATGGATCGATTATATAGGGATTAACCGTTATATATATATAGCCATGGATCGATTATATAGGGATTAACCGTTATATATATATAGCCATGGATCGATTATATAGGGATTAACCGTTATATATATATAGCCATGGATCGATTATATAGGGATTAACCGTTATATATATATAGCCATGGATCGATTATATAGGGATTAACCGTTATATATATATAGCCATGGATCGATTATATAGGGATTAACCGTTATATATATATAGCCATGGATCGATTATATAGGGATTAACCGTTATATATATATAGCCATGGATCGATTATATAGGGATTAACCGTTATATATATATAGCCATGGATCGATTATATAGGGATTAACCGTTATATATATATAGCCATGGATCGATTATATAGGGATTAACCGTTATATATATATAGCCATGGATCGATTATATAGGGATTAACCGTTATATATATATAGCCATGGATCGATTATATAGGGATTAACCGTTATATATATATAGCCATGGATCGATTATATAGGGATTAACCGTTATATATATATAGCCATGGATCGATTATATAGGGATTAACCGTTATATATATATAGCCATGGATCGATTATATAGGGATTAACCGTTATATATATATAGCCATGGATCGATTATATAGGGATTAACCGTTATATATATATAGCCATGGATCGATTATATAGGGATTAACCGTTATATATATATAGCCATGGATCGATTATATAGGGATTAACCGTTATATATATATAGCCATGGATCGATTATATAGGGATTAACCGTTATATATATATAGCCATGGATCGATTATATAGGGATTAACCGTTATATATATATAGCCATGGATCGATTATATAGGGATTAACCGTTATATATATATAGCCATGGATCGATTATATAGGGATTAACCGTTATATATATATAGCCATGGATCGATTATATAGGGATTAACCGTTATATATATATAGCCATGGATCGATTATATAGGGATTAACCGTTATATATATATAGCCATGGATCGATTATATAGGGATTAACCGTTATATATATATAGCCATGGATCGATTATATAGGGATTAACCGTTATATATATATAGCCATGGATCGATTATATAGGGATTAACCGTTATATATATATAGCCATGGATCGATTATATAGGGATTAACCGTTATATATATATAGCCATGGATCGATTATATAGGGATTAACCGTTATATATATATAGCCATGGATCGATTATATAGGGATTAACCGTTATATATATATAGCCATGGATCGATTATATAGGGATTAACCGTTATATATATATAGCCATGGATCGATTATATAGGGATTAACCGTTATATATATATAGCCATGGATCGATTATATAGGGATTAACCGTTATATATATATAGCCATGGATCGATTATATAGGGATTAACCGTTATATATATATAGCCATGGATCGATTATATAGGGATTAACCGTTATATATATATAGCCATGGATCGATTATATAGGGATTAACCGTTATATATATATAGCCATGGATCGATTATATAGGGATTAACCGTTATATATATATAGCCATGGATCGATTATATAGGGATTAACCGTTATATATATATAGCCATGGATCGATTATATAGGGATTAACCGTTATATATATATAGCCATGGATCGATTATATAGGGATTAACCGTTATATATATATAGCCATGGATCGATTATATAGGGATTAACCGTTATATATATATAGCCATGGATCGATTATATAGGGATTAACCGTTATATATATATAGCCATGGATCGATTATATAGGGATTAACCGTTATATATATATAGCCATGGATCGATTATATAGGGATTAACCGTTATATATATATAGCCATGGATCGATTATATAGGGATTAACCGTTATATATATATAGCCATGGATCGATTATATAGGGATTAACCGTTATATATATATAGCCATGGATCGATTATATAGGGATTAACCGTTATATATATATAGCCATGGATCGATTATATAGGGATTAACCGTTATATATATATAGCCATGGATCGATTATATAGGGATTAACCGTTATATATATATAGCCATGGATCGATTATATAGGGATTAACCGTTATATATATATAGCCATGGATCGATTATATAGGGATTAACCGTTATATATATATAGCCATGGATCGATTATATAGGGATTAACCGTTATATATATATAGCCATGGATCGATTATATAGGGATTAACCGTTATATATATATAGCCATGGATCGATTATATAGGGATTAACCGTTATATATATATAGCCATGGATCGATTATATAGGGATTAACCGTTATATATATATAGCCATGGATCGATTATATAGGGATTAACCGTTATATATATATAGCCATGGATCGATTATATAGGGATTAACCGTTATATATATATAGCCATGGATCGATTATATAGGGATTAACCGTTATATATATATAGCCATGGATCGATTATATAGGGATTAACCGTTATATATATATAGCCATGGATCGATTATATAGGGATTAACCGTTATATATATATAGCCATGGATCGATTATATAGGGATTAACCGTTATATATATATAGCCATGGATCGATTATATAGGGATTAACCGTTATATATATATAGCCATGGATCGATTATATAGGGATTAACCGTTATATATATATAGCCATGGATCGATTATATAGGGATTAACCGTTATATATATATAGCCATGGATCGATTATATAGGGATTAACCGTTATATATATATAGCCATGGATCGATTATATAGGGATTAACCGTTATATATATATAGCCATGGATCGATTATATAGGGATTAACCGTTATATATATATAGCCATGGATCGATTATATAGGGATTAACCGTTATATATATATAGCCATGGATCGATTATATAGGGATTAACCGTTATATATATATAGCCATGGATCGATTATATAGGGATTAACCGTTATATATATATAGCCATGGATCGATTATATAGGGATTAACCGTTATATATATATAGCCATGGATCGATTATATAGGGATTAACCGTTATATATATATAGCCATGGATCGATTATATAGGGATTAACCGTTATATATATATAGCCATGGATCGATTATATAGGGATTAACCGTTATATATATATAGCCATGGATCGATTATATAGGGATTAACCGTTATATATATATAGCCATGGATCGATTATATAGGGATTAACCGTTATATATATATAGCCATGGATCGATTATATAGGGATTAACCGTTATATATATATAGCCATGGATCGATTATATAGGGATTAACCGTTATATATATATAGCCATGGATCGATTATATAGGGATTAACCGTTATATATATATAGCCATGGATCGATTATATAGGGATTAACCGTTATATATATATAGCCATGGATCGATTATATAGGGATTAACCGTTATATATATATAGCCATGGATCGATTATATAGGGATTAACCGTTATATATATATAGCCATGGATCGATTATATAGGGATTAACCGTTATATATATATAGCCATGGATCGATTATATAGGGATTAACCGTTATATATATATAGCCATGGATCGATTATATAGGGATTAACCGTTATATATATATAGCCATGGATCGATTATATAGGGATTAACCGTTATATATATATAGCCATGGATCGATTATATAGGGATTAACCGTTATATATATATAGCCATGGATCGATTATATAGGGATTAACCGTTATATATATATAGCCATGGATCGATTATATAGGGATTAACCGTTATATATATATAGCCATGGATCGATTATATAGGGATTAACCGTTATATATATATAGCCATGGATCGATTATATAGGGATTAACCGTTATATATATATAGCCATGGATCGATTATATAGGGATTAACCGTTATATATATATAGCCATGGATCGATTATATAGGGATTAACCGTTATATATATATAGCCATGGATCGATTATATAGGGATTAACCGTTATATATATATAGCCATGGATCGATTATATAGGGATTAACCGTTATATATATATAGCCATGGATCGATTATATAGGGATTAACCGTTATATATATATAGCCATGGATCGATTATATAGGGATTAACCGTTATATATATATAGCCATGGATCGATTATATAGGGATTAACCGTTATATATATATAGCCATGGATCGATTATATAGGGATTAACCGTTATATATATATAGCCATGGATCGATTATATAGGGATTAACCGTTATATATATATAGCCATGGATCGATTATATAGGGATTAACCGTTATATATATATAGCCATGGATCGATTATATAGGGATTAACCGTTATATATATATAGCCATGGATCGATTATATAGGGATTAACCGTTATATATATATAGCCATGGATCGATTATATAGGGATTAACCGTTATATATATATAGCCATGGATCGATTATATAGGGATTAACCGTTATATATATATAGCCATGGATCGATTATATAGGGATTAACCGTTATATATATATAGCCATGGATCGATTATATAGGGATTAACCGTTATATATATATAGCCATGGATCGATTATATAGGGATTAACCGTTATATATATATAGCCATGGATCGATTATATAGGGATTAACCGTTATATATATATAGCCATGGATCGATTATATAGGGATTAACCGTTATATATATATAGCCATGGATCGATTATATAGGGATTAACCGTTATATATATATAGCCATGGATCGATTATATAGGGATTAACCGTTATATATATATAGCCATGGATCGATTATATAGGGATTAACCGTTATATATATATAGCCATGGATCGATTATATAGGGATTAACCGTTATATATATATAGCCATGGATCGATTATATAGGGATTAACCGTTATATATATATAGCCATGGATCGATTATATAGGGATTAACCGTTATATATATATAGCCATGGATCGATTATATAGGGATTAACCGTTATATATATATAGCCATGGATCGATTATATAGGGATTAACCGTTATATATATATAGCCATGGATCGATTATATAGGGATTAACCGTTATATATATATAGCCATGGATCGATTATATAGGGATTAACCGTTATATATATATAGCCATGGATCGATTATATAGGGATTAACCGTTATATATATATAGCCATGGATCGATTATATAGGGATTAACCGTTATATATATATAGCCATGGATCGATTATATAGGGATTAACCGTTATATATATATAGCCATGGATCGATTATATAGGGATTAACCGTTATATATATATAGCCATGGATCGATTATATAGGGATTAACCGTTATATATATATAGCCATGGATCGATTATATAGGGATTAACCGTTATATATATATAGCCATGGATCGATTATATAGGGATTAACCGTTATATATATATAGCCATGGATCGATTATATAGGGATTAACCGTTATATATATATAGCCATGGATCGATTATATAGGGATTAACCGTTATATATATATAGCCATGGATCGATTATATAGGGATTAACCGTTATATATATATAGCCATGGATCGATTATATAGGGATTAACCGTTATATATATATAGCCATGGATCGATTATATAGGGATTAACCGTTATATATATATAGCCATGGATCGATTATATAGGGATTAACCGTTATATATATATAGCCATGGATCGATTATATAGGGATTAACCGTTATATATATATAGCCATGGATCGATTATATAGGGATTAACCGTTATATATATATAGCCATGGATCGATTATATAGGGATTAACCGTTATATATATATAGCCATGGATCGATTATA