Original gene has 2 bytes
Compressed gene has 1 bytes
Compressed gene has 2 nucleotides
Compressed gene is
00110000
Decompressed gene is
AT